// Jest Snapshot v1, https://goo.gl/fbAQLP

exports[`returns a module for the markdown file 1`] = `
"<ul>
<li>This is a title</li>
</ul>
<pre class=\\"shiki\\" style=\\"background-color: #2e3440\\"><code><span style=\\"color: #81A1C1\\">const</span><span style=\\"color: #D8DEE9FF\\"> </span><span style=\\"color: #D8DEE9\\">text</span><span style=\\"color: #D8DEE9FF\\"> </span><span style=\\"color: #81A1C1\\">=</span><span style=\\"color: #D8DEE9FF\\"> </span><span style=\\"color: #ECEFF4\\">\`</span><span style=\\"color: #A3BE8C\\">This is a code block</span><span style=\\"color: #ECEFF4\\">\`</span><span style=\\"color: #81A1C1\\">;</span>
<span style=\\"color: #8FBCBB\\">console</span><span style=\\"color: #ECEFF4\\">.</span><span style=\\"color: #88C0D0\\">log</span><span style=\\"color: #D8DEE9FF\\">(</span><span style=\\"color: #D8DEE9\\">text</span><span style=\\"color: #D8DEE9FF\\">)</span><span style=\\"color: #81A1C1\\">;</span></code></pre>
<p>This is another paragraph</p>
<p>And <a href=\\"www.google.com\\">here</a> we have a link</p>
"
`;
